VC_AXIOMS [propext, Quot.sound, Classical.choice]
VC_DIRECT Sal.MRDTs.Paper1.ORSet.D
VC_DIRECT Sal.MRDTs.Paper1.ORSet.order
VC_DIRECT Sal.MRDTs.Paper1.ORSet.conflict
VC_DIRECT Sal.MRDTs.Foundation.ReplayContext
VC_DIRECT Sal.MRDTs.MRDTSig.toUpdateSig
VC_DIRECT Sal.MRDTs.Foundation.Op
VC_DIRECT Sal.MRDTs.MRDTSig.AppOp
VC_DIRECT Sal.MRDTs.MRDTSig.State
VC_DIRECT Sal.MRDTs.Paper1.ORSet.ConcreteRep.representation
VC_DIRECT Sal.MRDTs.Paper1.ConcreteMRDT.Supported
VC_DIRECT Sal.MRDTs.Paper1.ConcreteMRDT.MetadataDependencies.ofConcrete
VC_DEP Sal.MRDTs.Paper1.ConcreteMRDT.MetadataDependencies.ofConcrete._proof_2
VC_DEP Sal.MRDTs.Paper1.ConcreteMRDT.MetadataDependencies.ofConcrete._proof_1
VC_DEP Sal.MRDTs.Paper1.ORSet.instDecidableEqUpdate.decEq._proof_2
VC_DEP Sal.MRDTs.Paper1.ORSet.instDecidableEqUpdate.decEq._proof_5
VC_DEP Sal.MRDTs.Paper1.ORSet.instDecidableEqUpdate.decEq._proof_6
VC_DEP Sal.MRDTs.Paper1.ORSet.instDecidableEqUpdate.decEq._proof_3
VC_DEP Sal.MRDTs.Paper1.ORSet.instDecidableEqUpdate.decEq._proof_4
VC_DEP Sal.MRDTs.Paper1.ORSet.instDecidableEqUpdate.decEq._proof_1
VC_DEP Sal.MRDTs.Foundation.instDecidableEqRcRes._proof_1
VC_DEP Sal.MRDTs.Foundation.RcRes.ofNat_ctorIdx
VC_DEP Sal.MRDTs.Foundation.instDecidableEqRcRes._proof_2
VC_DEP Sal.MRDTs.Foundation.ReplayContext.timestamps_distinct
VC_DEP Sal.MRDTs.Foundation.commutes_symm
VC_DEP Sal.MRDTs.Foundation.ReplayContext.vis_total_same_replica
VC_DEP Sal.MRDTs.Paper1.ConcreteMRDT.MetadataDependencies.covers
VC_DEP Sal.MRDTs.Paper1.ConcreteMRDT.MetadataDependencies.past_closed
VC_DEP Sal.MRDTs.Paper1.LocalCoverage.nested_enumeration
VC_DEP Sal.MRDTs.Paper1.LocalCoverage.nested_order_acyclic
VC_DEP Sal.MRDTs.Paper1.LocalCoverage.nested_graph_acyclic
VC_DEP Sal.MRDTs.Paper1.LocalCoverage.add_sink_edges
VC_DEP Sal.MRDTs.exists_respecting_perm
VC_DEP Sal.MRDTs.Paper1.LocalCoverage.nested_enumeration._simp_1_1
VC_DEP Sal.MRDTs.Paper1.ConcreteMRDT.MetadataDependencies.closed_diff_of_max
VC_DEP Sal.MRDTs.Paper1.convergence_on_guarded
VC_DEP Sal.MRDTs.Foundation.distinctOps_of_events
VC_DEP Sal.MRDTs.Paper1.convergence_on_guarded._simp_1_8
VC_DEP Sal.MRDTs.Paper1.applySeq_bubble_to_front_loOn_guarded
VC_DEP Sal.MRDTs.Paper1.applySeq_swap_loOn_incomparable_guarded
VC_DEP Sal.MRDTs.Foundation.applySeq_swap_commute_basic
VC_DEP Sal.MRDTs.Paper1.applySeq_swap_via_cond_comm_lift_guarded
VC_DEP Sal.MRDTs.Paper1.GuardedReplay.Laws.conditional_commutation
VC_DEP Sal.MRDTs.Paper1.convergence_on_guarded._simp_1_6
VC_DEP Sal.MRDTs.Paper1.GuardedReplay.Laws.noncomm_exact
VC_DEP Sal.MRDTs.Foundation.respects.eq_1
VC_DEP Sal.MRDTs.Paper1.convergence_on_guarded._proof_1_5
VC_DEP Sal.MRDTs.Paper1.convergence_on_guarded._simp_1_7
VC_DEP Sal.MRDTs.Paper1.ConcreteMRDT.MetadataDependencies.past_subset
VC_DEP Sal.MRDTs.Paper1.ORSet.rc_iff
VC_DEP Sal.MRDTs.Paper1.ORSet.Update.add.injEq
VC_DEP Sal.MRDTs.Paper1.ORSet.Update.remove.injEq
VC_DEP Sal.MRDTs.Paper1.OperationPolicy.lift_rc_iff
VC_DEP Sal.MRDTs.Paper1.ORSet.noncomm_iff_rc
VC_DEP Sal.MRDTs.Paper1.ORSet.commute_of_no_conflict
VC_DEP Sal.MRDTs.Paper1.ORSet.commute_of_no_conflict._proof_1_5
VC_DEP Sal.MRDTs.Paper1.ORSet.rc_iff._simp_1
VC_DEP Sal.MRDTs.Paper1.ORSet.commute_of_no_conflict._proof_1_3
VC_DEP Sal.MRDTs.Paper1.ORSet.commute_of_no_conflict._proof_1_2
VC_DEP Sal.MRDTs.Paper1.ORSet.commute_of_no_conflict._proof_1_4
VC_DEP Sal.MRDTs.Paper1.RestrictedLaws.conditional_commutation
VC_DEP Sal.MRDTs.Paper1.RestrictedLaws.noncomm_exact
VC_DEP Sal.MRDTs.Paper1.RestrictedLaws.no_chain
VC_AUDIT_COMPLETE
VC_AXIOMS [propext, Quot.sound, Classical.choice]
VC_DIRECT Sal.MRDTs.Instances.EfficientORSet.D
VC_DIRECT Sal.MRDTs.Foundation.ReplayPolicy.order
VC_DIRECT Sal.MRDTs.MRDTSig.toUpdateSig
VC_DIRECT Sal.MRDTs.Instances.EfficientORSet.rc
VC_DIRECT Sal.MRDTs.Paper1.EfficientORSet.EventSpec.conflict
VC_DIRECT Sal.MRDTs.Foundation.Op
VC_DIRECT Sal.MRDTs.MRDTSig.AppOp
VC_DIRECT Sal.MRDTs.Paper1.EfficientORSet.EventSpec.no_chain
VC_DIRECT Sal.MRDTs.Foundation.Op.op
VC_DIRECT Sal.MRDTs.Paper1.EfficientORSet.ConcreteRep.representation
VC_DIRECT Sal.MRDTs.Foundation.ReplayContext
VC_DIRECT Sal.MRDTs.Paper1.ConcreteMRDT.MetadataDependencies.ofConcrete
VC_DEP Sal.MRDTs.Instances.EfficientORSet.instDecidableEqSetOp.decEq._proof_5
VC_DEP Sal.MRDTs.Instances.EfficientORSet.instDecidableEqSetOp.decEq._proof_4
VC_DEP Sal.MRDTs.Instances.EfficientORSet.instDecidableEqSetOp.decEq._proof_3
VC_DEP Sal.MRDTs.Instances.EfficientORSet.instDecidableEqSetOp.decEq._proof_1
VC_DEP Sal.MRDTs.Instances.EfficientORSet.instDecidableEqSetOp.decEq._proof_2
VC_DEP Sal.MRDTs.Instances.EfficientORSet.instDecidableEqSetOp.decEq._proof_6
VC_DEP Sal.MRDTs.Paper1.EfficientORSet.EventSpec.no_chain
VC_DEP Sal.MRDTs.Paper1.EfficientORSet.NeemScope.guarded_noncomm_exact
VC_DEP Sal.MRDTs.Paper1.EfficientORSet.EventSpec.different_elements_commute
VC_DEP Sal.MRDTs.Paper1.EfficientORSet.EventSpec.different_elements_commute._proof_1_3
VC_DEP Sal.MRDTs.Paper1.EfficientORSet.EventSpec.different_elements_commute._simp_1_1
VC_DEP Sal.MRDTs.Paper1.EfficientORSet.EventSpec.different_elements_commute._proof_1_6
VC_DEP Sal.MRDTs.Paper1.EfficientORSet.EventSpec.different_elements_commute._proof_1_5
VC_DEP Sal.MRDTs.Paper1.EfficientORSet.EventSpec.different_elements_commute._proof_1_4
VC_DEP Sal.MRDTs.Paper1.EfficientORSet.EventSpec.different_elements_commute._simp_1_2
VC_DEP Sal.MRDTs.Paper1.EfficientORSet.NeemScope.removes_commute
VC_DEP Sal.MRDTs.Paper1.EfficientORSet.NeemScope.removes_commute._simp_1_1
VC_DEP Sal.MRDTs.Paper1.EfficientORSet.NeemScope.adds_commute_of_replica_ne
VC_DEP Sal.MRDTs.Paper1.EfficientORSet.NeemScope.adds_commute_of_replica_ne._proof_1_3
VC_DEP Sal.MRDTs.Paper1.EfficientORSet.NeemScope.adds_commute_of_replica_ne._simp_1_1
VC_DEP Sal.MRDTs.Paper1.EfficientORSet.NeemScope.adds_commute_of_replica_ne._simp_1_2
VC_DEP Sal.MRDTs.Paper1.EfficientORSet.EventSpec.add_remove_noncomm
VC_DEP Sal.MRDTs.Instances.EfficientORSet.SetOp.add.injEq
VC_DEP Sal.MRDTs.Instances.EfficientORSet.SetOp.remove.injEq
VC_DEP Sal.MRDTs.Foundation.ReplayContext.vis_total_same_replica
VC_DEP Sal.MRDTs.Foundation.ReplayContext.timestamps_distinct
VC_DEP Sal.MRDTs.Paper1.GuardedReplay.exists_paperOrder_enumeration
VC_DEP Sal.MRDTs.Paper1.GuardedReplay.paperOrder_acyclic
VC_DEP Sal.MRDTs.Paper1.GuardedReplay.Laws.payload_no_chain
VC_DEP Sal.MRDTs.Paper1.GuardedReplay.Laws.no_chain
VC_DEP Sal.MRDTs.exists_respecting_perm
VC_DEP Sal.MRDTs.Paper1.ConcreteMRDT.MetadataDependencies.ofConcrete._proof_2
VC_DEP Sal.MRDTs.Paper1.ConcreteMRDT.MetadataDependencies.ofConcrete._proof_1
VC_DEP Sal.MRDTs.Foundation.instDecidableEqRcRes._proof_1
VC_DEP Sal.MRDTs.Foundation.RcRes.ofNat_ctorIdx
VC_DEP Sal.MRDTs.Foundation.instDecidableEqRcRes._proof_2
VC_DEP Sal.MRDTs.Foundation.commutes_symm
VC_DEP Sal.MRDTs.Paper1.ConcreteMRDT.MetadataDependencies.covers
VC_DEP Sal.MRDTs.Paper1.ConcreteMRDT.MetadataDependencies.past_closed
VC_DEP Sal.MRDTs.Paper1.LocalCoverage.nested_enumeration
VC_DEP Sal.MRDTs.Paper1.LocalCoverage.nested_order_acyclic
VC_DEP Sal.MRDTs.Paper1.LocalCoverage.nested_graph_acyclic
VC_DEP Sal.MRDTs.Paper1.LocalCoverage.add_sink_edges
VC_DEP Sal.MRDTs.Paper1.LocalCoverage.nested_enumeration._simp_1_1
VC_DEP Sal.MRDTs.Paper1.ConcreteMRDT.MetadataDependencies.closed_diff_of_max
VC_DEP Sal.MRDTs.Paper1.convergence_on_guarded
VC_DEP Sal.MRDTs.Foundation.distinctOps_of_events
VC_DEP Sal.MRDTs.Paper1.convergence_on_guarded._simp_1_8
VC_DEP Sal.MRDTs.Paper1.applySeq_bubble_to_front_loOn_guarded
VC_DEP Sal.MRDTs.Paper1.applySeq_swap_loOn_incomparable_guarded
VC_DEP Sal.MRDTs.Foundation.applySeq_swap_commute_basic
VC_DEP Sal.MRDTs.Paper1.applySeq_swap_via_cond_comm_lift_guarded
VC_DEP Sal.MRDTs.Paper1.GuardedReplay.Laws.conditional_commutation
VC_DEP Sal.MRDTs.Paper1.convergence_on_guarded._simp_1_6
VC_DEP Sal.MRDTs.Paper1.GuardedReplay.Laws.noncomm_exact
VC_DEP Sal.MRDTs.Foundation.respects.eq_1
VC_DEP Sal.MRDTs.Paper1.convergence_on_guarded._proof_1_5
VC_DEP Sal.MRDTs.Paper1.convergence_on_guarded._simp_1_7
VC_DEP Sal.MRDTs.Paper1.ConcreteMRDT.MetadataDependencies.past_subset
VC_AUDIT_COMPLETE
