ProbeMono.lean:12:35: warning: unused variable `P`

Note: This linter can be disabled with `set_option linter.unusedVariables false`
ProbeMono.lean:16:29: warning: unused variable `P`

Note: This linter can be disabled with `set_option linter.unusedVariables false`
fun v =>
  have this := v.merge_comm;
  this : MergeVCs P R scheme → merge_comm_goal P R scheme
fun v =>
  have this := v.init;
  this : MergeVCs P R scheme → init_goal P R scheme
fun v =>
  have this := v.causal_delta;
  this : MergeVCs P R scheme → causal_delta_goal P R scheme
fun v =>
  have this := v.local_redistribute;
  this : MergeVCs P R scheme → local_redistribute_goal P R scheme
fun v =>
  have this := v.shared;
  this : MergeVCs P R scheme → shared_goal P R scheme
ProbeMono.lean:108:12: error: unable to prove goal, either it is false or you need to provide more facts. Try adding '+model' config option to display a potential counter-example (experimental).
VC_AXIOMS [propext, Quot.sound, Classical.choice, sorryAx]
VC_DEP Sal.MRDTs.Paper1.ConcreteMRDT.MetadataDependencies.ofConcrete._proof_2
VC_DEP Sal.MRDTs.Paper1.ConcreteMRDT.MetadataDependencies.ofConcrete._proof_1
VC_DEP Sal.MRDTs.Paper1.ORSet.instDecidableEqUpdate.decEq._proof_2
VC_DEP Sal.MRDTs.Paper1.ORSet.instDecidableEqUpdate.decEq._proof_5
VC_DEP Sal.MRDTs.Paper1.ORSet.instDecidableEqUpdate.decEq._proof_6
VC_DEP Sal.MRDTs.Paper1.ORSet.instDecidableEqUpdate.decEq._proof_3
VC_DEP Sal.MRDTs.Paper1.ORSet.instDecidableEqUpdate.decEq._proof_4
VC_DEP Sal.MRDTs.Paper1.ORSet.instDecidableEqUpdate.decEq._proof_1
VC_AUDIT_COMPLETE
