STAGE 1: exhaustive directed search, total ops 3..6
total=3 exhausted: 1128 runs this size, 1128 cumulative, 0s, hits=0
total=4 exhausted: 10027 runs this size, 11155 cumulative, 1s, hits=0
total=5 exhausted: 95613 runs this size, 106768 cumulative, 6s, hits=0
  ... 200000 runs, 12s, hits=0
  ... 400000 runs, 25s, hits=0
  ... 600000 runs, 39s, hits=0
  ... 800000 runs, 55s, hits=0
  ... 1000000 runs, 72s, hits=0
total=6 exhausted: 961109 runs this size, 1067877 cumulative, 78s, hits=0
stage 1 done: 1067877 scripts run, hits=0

STAGE 2: biased randomized sweep, 50000 trials (E<=4, del-heavy, low-interleaved stale ids)
  ... 10000/50000, 2s, pooled cycles=1038, hits=0
  ... 20000/50000, 4s, pooled cycles=2049, hits=0
  ... 30000/50000, 7s, pooled cycles=3066, hits=0
  ... 40000/50000, 9s, pooled cycles=4108, hits=0
  ... 50000/50000, 11s, pooled cycles=5155, hits=0
stage 2 done: pooled (global-e) cycles=5155/50000, per-observer hits=0

======================================================================
NO per-observer cycle and NO per-observer pair flip found: session strong list survives the directed search.
