experiments/vc-automation/lean-auto/ProbeBlaster.lean:12:35: warning: unused variable `P`

Note: This linter can be disabled with `set_option linter.unusedVariables false`
experiments/vc-automation/lean-auto/ProbeBlaster.lean:16:29: warning: unused variable `P`

Note: This linter can be disabled with `set_option linter.unusedVariables false`
fun v =>
  have this := v.merge_comm;
  this : MergeVCs P R scheme → merge_comm_goal P R scheme
fun v =>
  have this := v.init;
  this : MergeVCs P R scheme → init_goal P R scheme
fun v =>
  have this := v.causal_delta;
  this : MergeVCs P R scheme → causal_delta_goal P R scheme
fun v =>
  have this := v.local_redistribute;
  this : MergeVCs P R scheme → local_redistribute_goal P R scheme
fun v =>
  have this := v.shared;
  this : MergeVCs P R scheme → shared_goal P R scheme
✅ Valid
experiments/vc-automation/lean-auto/ProbeBlaster.lean:83:8: warning: declaration uses `sorry`
'probe' depends on axioms: [propext, sorryAx, Classical.choice, Quot.sound]
