This is pdfTeX, Version 3.141592653-2.6-1.40.25 (TeX Live 2023/Debian) (preloaded format=pdflatex 2026.2.20)  23 APR 2026 15:35
entering extended mode
 restricted \write18 enabled.
 %&-line parsing enabled.
**presentation.tex
(./presentation.tex
LaTeX2e <2023-11-01> patch level 1
L3 programming layer <2024-01-22>
(/usr/share/texlive/texmf-dist/tex/latex/beamer/beamer.cls
Document Class: beamer 2024/01/06 v3.71 A class for typesetting presentations
(/usr/share/texlive/texmf-dist/tex/latex/beamer/beamerbasemodes.sty
(/usr/share/texlive/texmf-dist/tex/latex/etoolbox/etoolbox.sty
Package: etoolbox 2020/10/05 v2.5k e-TeX tools for LaTeX (JAW)
\etb@tempcnta=\count187
)
\beamer@tempbox=\box51
\beamer@tempcount=\count188
\c@beamerpauses=\count189

(/usr/share/texlive/texmf-dist/tex/latex/beamer/beamerbasedecode.sty
\beamer@slideinframe=\count190
\beamer@minimum=\count191
\beamer@decode@box=\box52
)
\beamer@commentbox=\box53
\beamer@modecount=\count192
)
(/usr/share/texlive/texmf-dist/tex/generic/iftex/iftex.sty
Package: iftex 2022/02/03 v1.0f TeX engine tests
)
\headdp=\dimen140
\footheight=\dimen141
\sidebarheight=\dimen142
\beamer@tempdim=\dimen143
\beamer@finalheight=\dimen144
\beamer@animht=\dimen145
\beamer@animdp=\dimen146
\beamer@animwd=\dimen147
\beamer@leftmargin=\dimen148
\beamer@rightmargin=\dimen149
\beamer@leftsidebar=\dimen150
\beamer@rightsidebar=\dimen151
\beamer@boxsize=\dimen152
\beamer@vboxoffset=\dimen153
\beamer@descdefault=\dimen154
\beamer@descriptionwidth=\dimen155
\beamer@lastskip=\skip48
\beamer@areabox=\box54
\beamer@animcurrent=\box55
\beamer@animshowbox=\box56
\beamer@sectionbox=\box57
\beamer@logobox=\box58
\beamer@linebox=\box59
\beamer@sectioncount=\count193
\beamer@subsubsectionmax=\count194
\beamer@subsectionmax=\count195
\beamer@sectionmax=\count196
\beamer@totalheads=\count197
\beamer@headcounter=\count198
\beamer@partstartpage=\count199
\beamer@sectionstartpage=\count266
\beamer@subsectionstartpage=\count267
\beamer@animationtempa=\count268
\beamer@animationtempb=\count269
\beamer@xpos=\count270
\beamer@ypos=\count271
\beamer@ypos@offset=\count272
\beamer@showpartnumber=\count273
\beamer@currentsubsection=\count274
\beamer@coveringdepth=\count275
\beamer@sectionadjust=\count276
\beamer@toclastsection=\count277
\beamer@tocsectionnumber=\count278

(/usr/share/texlive/texmf-dist/tex/latex/beamer/beamerbaseoptions.sty
(/usr/share/texlive/texmf-dist/tex/latex/graphics/keyval.sty
Package: keyval 2022/05/29 v1.15 key=value parser (DPC)
\KV@toks@=\toks17
))
\beamer@paperwidth=\skip49
\beamer@paperheight=\skip50

(/usr/share/texlive/texmf-dist/tex/latex/geometry/geometry.sty
Package: geometry 2020/01/02 v5.9 Page Geometry

(/usr/share/texlive/texmf-dist/tex/generic/iftex/ifvtex.sty
Package: ifvtex 2019/10/25 v1.7 ifvtex legacy package. Use iftex instead.
)
\Gm@cnth=\count279
\Gm@cntv=\count280
\c@Gm@tempcnt=\count281
\Gm@bindingoffset=\dimen156
\Gm@wd@mp=\dimen157
\Gm@odd@mp=\dimen158
\Gm@even@mp=\dimen159
\Gm@layoutwidth=\dimen160
\Gm@layoutheight=\dimen161
\Gm@layouthoffset=\dimen162
\Gm@layoutvoffset=\dimen163
\Gm@dimlist=\toks18
)
(/usr/share/texlive/texmf-dist/tex/latex/pgf/math/pgfmath.sty
(/usr/share/texlive/texmf-dist/tex/latex/pgf/utilities/pgfrcs.sty
(/usr/share/texlive/texmf-dist/tex/generic/pgf/utilities/pgfutil-common.tex
\pgfutil@everybye=\toks19
\pgfutil@tempdima=\dimen164
\pgfutil@tempdimb=\dimen165
)
(/usr/share/texlive/texmf-dist/tex/generic/pgf/utilities/pgfutil-latex.def
\pgfutil@abb=\box60
)
(/usr/share/texlive/texmf-dist/tex/generic/pgf/utilities/pgfrcs.code.tex
(/usr/share/texlive/texmf-dist/tex/generic/pgf/pgf.revision.tex)
Package: pgfrcs 2023-01-15 v3.1.10 (3.1.10)
))
(/usr/share/texlive/texmf-dist/tex/latex/pgf/utilities/pgfkeys.sty
(/usr/share/texlive/texmf-dist/tex/generic/pgf/utilities/pgfkeys.code.tex
\pgfkeys@pathtoks=\toks20
\pgfkeys@temptoks=\toks21

(/usr/share/texlive/texmf-dist/tex/generic/pgf/utilities/pgfkeyslibraryfiltered
.code.tex
\pgfkeys@tmptoks=\toks22
)))
(/usr/share/texlive/texmf-dist/tex/generic/pgf/math/pgfmath.code.tex
(/usr/share/texlive/texmf-dist/tex/generic/pgf/math/pgfmathutil.code.tex
\pgf@x=\dimen166
\pgf@xa=\dimen167
\pgf@xb=\dimen168
\pgf@xc=\dimen169
\pgf@y=\dimen170
\pgf@ya=\dimen171
\pgf@yb=\dimen172
\pgf@yc=\dimen173
\c@pgf@counta=\count282
\c@pgf@countb=\count283
\c@pgf@countc=\count284
\c@pgf@countd=\count285
)
(/usr/share/texlive/texmf-dist/tex/generic/pgf/math/pgfmathparser.code.tex
\pgfmath@dimen=\dimen174
\pgfmath@count=\count286
\pgfmath@box=\box61
\pgfmath@toks=\toks23
\pgfmath@stack@operand=\toks24
\pgfmath@stack@operation=\toks25
)
(/usr/share/texlive/texmf-dist/tex/generic/pgf/math/pgfmathfunctions.code.tex)
(/usr/share/texlive/texmf-dist/tex/generic/pgf/math/pgfmathfunctions.basic.code
.tex)
(/usr/share/texlive/texmf-dist/tex/generic/pgf/math/pgfmathfunctions.trigonomet
ric.code.tex)
(/usr/share/texlive/texmf-dist/tex/generic/pgf/math/pgfmathfunctions.random.cod
e.tex)
(/usr/share/texlive/texmf-dist/tex/generic/pgf/math/pgfmathfunctions.comparison
.code.tex)
(/usr/share/texlive/texmf-dist/tex/generic/pgf/math/pgfmathfunctions.base.code.
tex)
(/usr/share/texlive/texmf-dist/tex/generic/pgf/math/pgfmathfunctions.round.code
.tex)
(/usr/share/texlive/texmf-dist/tex/generic/pgf/math/pgfmathfunctions.misc.code.
tex)
(/usr/share/texlive/texmf-dist/tex/generic/pgf/math/pgfmathfunctions.integerari
thmetics.code.tex)
(/usr/share/texlive/texmf-dist/tex/generic/pgf/math/pgfmathcalc.code.tex)
(/usr/share/texlive/texmf-dist/tex/generic/pgf/math/pgfmathfloat.code.tex
\c@pgfmathroundto@lastzeros=\count287
)))
(/usr/share/texlive/texmf-dist/tex/latex/base/size11.clo
File: size11.clo 2023/05/17 v1.4n Standard LaTeX file (size option)
)
(/usr/share/texlive/texmf-dist/tex/latex/pgf/basiclayer/pgfcore.sty
(/usr/share/texlive/texmf-dist/tex/latex/graphics/graphicx.sty
Package: graphicx 2021/09/16 v1.2d Enhanced LaTeX Graphics (DPC,SPQR)

(/usr/share/texlive/texmf-dist/tex/latex/graphics/graphics.sty
Package: graphics 2022/03/10 v1.4e Standard LaTeX Graphics (DPC,SPQR)

(/usr/share/texlive/texmf-dist/tex/latex/graphics/trig.sty
Package: trig 2021/08/11 v1.11 sin cos tan (DPC)
)
(/usr/share/texlive/texmf-dist/tex/latex/graphics-cfg/graphics.cfg
File: graphics.cfg 2016/06/04 v1.11 sample graphics configuration
)
Package graphics Info: Driver file: pdftex.def on input line 107.

(/usr/share/texlive/texmf-dist/tex/latex/graphics-def/pdftex.def
File: pdftex.def 2022/09/22 v1.2b Graphics/color driver for pdftex
))
\Gin@req@height=\dimen175
\Gin@req@width=\dimen176
)
(/usr/share/texlive/texmf-dist/tex/latex/pgf/systemlayer/pgfsys.sty
(/usr/share/texlive/texmf-dist/tex/generic/pgf/systemlayer/pgfsys.code.tex
Package: pgfsys 2023-01-15 v3.1.10 (3.1.10)
\pgf@x=\dimen177
\pgf@y=\dimen178
\pgf@xa=\dimen179
\pgf@ya=\dimen180
\pgf@xb=\dimen181
\pgf@yb=\dimen182
\pgf@xc=\dimen183
\pgf@yc=\dimen184
\pgf@xd=\dimen185
\pgf@yd=\dimen186
\w@pgf@writea=\write3
\r@pgf@reada=\read2
\c@pgf@counta=\count288
\c@pgf@countb=\count289
\c@pgf@countc=\count290
\c@pgf@countd=\count291
\t@pgf@toka=\toks26
\t@pgf@tokb=\toks27
\t@pgf@tokc=\toks28
\pgf@sys@id@count=\count292

(/usr/share/texlive/texmf-dist/tex/generic/pgf/systemlayer/pgf.cfg
File: pgf.cfg 2023-01-15 v3.1.10 (3.1.10)
)
Driver file for pgf: pgfsys-pdftex.def

(/usr/share/texlive/texmf-dist/tex/generic/pgf/systemlayer/pgfsys-pdftex.def
File: pgfsys-pdftex.def 2023-01-15 v3.1.10 (3.1.10)

(/usr/share/texlive/texmf-dist/tex/generic/pgf/systemlayer/pgfsys-common-pdf.de
f
File: pgfsys-common-pdf.def 2023-01-15 v3.1.10 (3.1.10)
)))
(/usr/share/texlive/texmf-dist/tex/generic/pgf/systemlayer/pgfsyssoftpath.code.
tex
File: pgfsyssoftpath.code.tex 2023-01-15 v3.1.10 (3.1.10)
\pgfsyssoftpath@smallbuffer@items=\count293
\pgfsyssoftpath@bigbuffer@items=\count294
)
(/usr/share/texlive/texmf-dist/tex/generic/pgf/systemlayer/pgfsysprotocol.code.
tex
File: pgfsysprotocol.code.tex 2023-01-15 v3.1.10 (3.1.10)
)) (/usr/share/texlive/texmf-dist/tex/latex/xcolor/xcolor.sty
Package: xcolor 2023/11/15 v3.01 LaTeX color extensions (UK)

(/usr/share/texlive/texmf-dist/tex/latex/graphics-cfg/color.cfg
File: color.cfg 2016/01/02 v1.6 sample color configuration
)
Package xcolor Info: Driver file: pdftex.def on input line 274.

(/usr/share/texlive/texmf-dist/tex/latex/graphics/mathcolor.ltx)
Package xcolor Info: Model `cmy' substituted by `cmy0' on input line 1350.
Package xcolor Info: Model `hsb' substituted by `rgb' on input line 1354.
Package xcolor Info: Model `RGB' extended on input line 1366.
Package xcolor Info: Model `HTML' substituted by `rgb' on input line 1368.
Package xcolor Info: Model `Hsb' substituted by `hsb' on input line 1369.
Package xcolor Info: Model `tHsb' substituted by `hsb' on input line 1370.
Package xcolor Info: Model `HSB' substituted by `hsb' on input line 1371.
Package xcolor Info: Model `Gray' substituted by `gray' on input line 1372.
Package xcolor Info: Model `wave' substituted by `hsb' on input line 1373.
)
(/usr/share/texlive/texmf-dist/tex/generic/pgf/basiclayer/pgfcore.code.tex
Package: pgfcore 2023-01-15 v3.1.10 (3.1.10)

(/usr/share/texlive/texmf-dist/tex/generic/pgf/math/pgfint.code.tex)
(/usr/share/texlive/texmf-dist/tex/generic/pgf/basiclayer/pgfcorepoints.code.te
x
File: pgfcorepoints.code.tex 2023-01-15 v3.1.10 (3.1.10)
\pgf@picminx=\dimen187
\pgf@picmaxx=\dimen188
\pgf@picminy=\dimen189
\pgf@picmaxy=\dimen190
\pgf@pathminx=\dimen191
\pgf@pathmaxx=\dimen192
\pgf@pathminy=\dimen193
\pgf@pathmaxy=\dimen194
\pgf@xx=\dimen195
\pgf@xy=\dimen196
\pgf@yx=\dimen197
\pgf@yy=\dimen198
\pgf@zx=\dimen199
\pgf@zy=\dimen256
)
(/usr/share/texlive/texmf-dist/tex/generic/pgf/basiclayer/pgfcorepathconstruct.
code.tex
File: pgfcorepathconstruct.code.tex 2023-01-15 v3.1.10 (3.1.10)
\pgf@path@lastx=\dimen257
\pgf@path@lasty=\dimen258
)
(/usr/share/texlive/texmf-dist/tex/generic/pgf/basiclayer/pgfcorepathusage.code
.tex
File: pgfcorepathusage.code.tex 2023-01-15 v3.1.10 (3.1.10)
\pgf@shorten@end@additional=\dimen259
\pgf@shorten@start@additional=\dimen260
)
(/usr/share/texlive/texmf-dist/tex/generic/pgf/basiclayer/pgfcorescopes.code.te
x
File: pgfcorescopes.code.tex 2023-01-15 v3.1.10 (3.1.10)
\pgfpic=\box62
\pgf@hbox=\box63
\pgf@layerbox@main=\box64
\pgf@picture@serial@count=\count295
)
(/usr/share/texlive/texmf-dist/tex/generic/pgf/basiclayer/pgfcoregraphicstate.c
ode.tex
File: pgfcoregraphicstate.code.tex 2023-01-15 v3.1.10 (3.1.10)
\pgflinewidth=\dimen261
)
(/usr/share/texlive/texmf-dist/tex/generic/pgf/basiclayer/pgfcoretransformation
s.code.tex
File: pgfcoretransformations.code.tex 2023-01-15 v3.1.10 (3.1.10)
\pgf@pt@x=\dimen262
\pgf@pt@y=\dimen263
\pgf@pt@temp=\dimen264
)
(/usr/share/texlive/texmf-dist/tex/generic/pgf/basiclayer/pgfcorequick.code.tex
File: pgfcorequick.code.tex 2023-01-15 v3.1.10 (3.1.10)
)
(/usr/share/texlive/texmf-dist/tex/generic/pgf/basiclayer/pgfcoreobjects.code.t
ex
File: pgfcoreobjects.code.tex 2023-01-15 v3.1.10 (3.1.10)
)
(/usr/share/texlive/texmf-dist/tex/generic/pgf/basiclayer/pgfcorepathprocessing
.code.tex
File: pgfcorepathprocessing.code.tex 2023-01-15 v3.1.10 (3.1.10)
)
(/usr/share/texlive/texmf-dist/tex/generic/pgf/basiclayer/pgfcorearrows.code.te
x
File: pgfcorearrows.code.tex 2023-01-15 v3.1.10 (3.1.10)
\pgfarrowsep=\dimen265
)
(/usr/share/texlive/texmf-dist/tex/generic/pgf/basiclayer/pgfcoreshade.code.tex
File: pgfcoreshade.code.tex 2023-01-15 v3.1.10 (3.1.10)
\pgf@max=\dimen266
\pgf@sys@shading@range@num=\count296
\pgf@shadingcount=\count297
)
(/usr/share/texlive/texmf-dist/tex/generic/pgf/basiclayer/pgfcoreimage.code.tex
File: pgfcoreimage.code.tex 2023-01-15 v3.1.10 (3.1.10)
)
(/usr/share/texlive/texmf-dist/tex/generic/pgf/basiclayer/pgfcoreexternal.code.
tex
File: pgfcoreexternal.code.tex 2023-01-15 v3.1.10 (3.1.10)
\pgfexternal@startupbox=\box65
)
(/usr/share/texlive/texmf-dist/tex/generic/pgf/basiclayer/pgfcorelayers.code.te
x
File: pgfcorelayers.code.tex 2023-01-15 v3.1.10 (3.1.10)
)
(/usr/share/texlive/texmf-dist/tex/generic/pgf/basiclayer/pgfcoretransparency.c
ode.tex
File: pgfcoretransparency.code.tex 2023-01-15 v3.1.10 (3.1.10)
)
(/usr/share/texlive/texmf-dist/tex/generic/pgf/basiclayer/pgfcorepatterns.code.
tex
File: pgfcorepatterns.code.tex 2023-01-15 v3.1.10 (3.1.10)
)
(/usr/share/texlive/texmf-dist/tex/generic/pgf/basiclayer/pgfcorerdf.code.tex
File: pgfcorerdf.code.tex 2023-01-15 v3.1.10 (3.1.10)
))) (/usr/share/texlive/texmf-dist/tex/latex/pgf/utilities/xxcolor.sty
Package: xxcolor 2003/10/24 ver 0.1
\XC@nummixins=\count298
\XC@countmixins=\count299
)
(/usr/share/texlive/texmf-dist/tex/latex/base/atbegshi-ltx.sty
Package: atbegshi-ltx 2021/01/10 v1.0c Emulation of the original atbegshi
package with kernel methods
)
(/usr/share/texlive/texmf-dist/tex/latex/hyperref/hyperref.sty
Package: hyperref 2024-01-20 v7.01h Hypertext links for LaTeX

(/usr/share/texlive/texmf-dist/tex/latex/kvsetkeys/kvsetkeys.sty
Package: kvsetkeys 2022-10-05 v1.19 Key value parser (HO)
)
(/usr/share/texlive/texmf-dist/tex/generic/kvdefinekeys/kvdefinekeys.sty
Package: kvdefinekeys 2019-12-19 v1.6 Define keys (HO)
)
(/usr/share/texlive/texmf-dist/tex/generic/pdfescape/pdfescape.sty
Package: pdfescape 2019/12/09 v1.15 Implements pdfTeX's escape features (HO)

(/usr/share/texlive/texmf-dist/tex/generic/ltxcmds/ltxcmds.sty
Package: ltxcmds 2023-12-04 v1.26 LaTeX kernel commands for general use (HO)
)
(/usr/share/texlive/texmf-dist/tex/generic/pdftexcmds/pdftexcmds.sty
Package: pdftexcmds 2020-06-27 v0.33 Utility functions of pdfTeX for LuaTeX (HO
)

(/usr/share/texlive/texmf-dist/tex/generic/infwarerr/infwarerr.sty
Package: infwarerr 2019/12/03 v1.5 Providing info/warning/error messages (HO)
)
Package pdftexcmds Info: \pdf@primitive is available.
Package pdftexcmds Info: \pdf@ifprimitive is available.
Package pdftexcmds Info: \pdfdraftmode found.
))
(/usr/share/texlive/texmf-dist/tex/latex/hycolor/hycolor.sty
Package: hycolor 2020-01-27 v1.10 Color options for hyperref/bookmark (HO)
)
(/usr/share/texlive/texmf-dist/tex/latex/auxhook/auxhook.sty
Package: auxhook 2019-12-17 v1.6 Hooks for auxiliary files (HO)
)
(/usr/share/texlive/texmf-dist/tex/latex/hyperref/nameref.sty
Package: nameref 2023-11-26 v2.56 Cross-referencing by name of section

(/usr/share/texlive/texmf-dist/tex/latex/refcount/refcount.sty
Package: refcount 2019/12/15 v3.6 Data extraction from label references (HO)
)
(/usr/share/texlive/texmf-dist/tex/generic/gettitlestring/gettitlestring.sty
Package: gettitlestring 2019/12/15 v1.6 Cleanup title references (HO)

(/usr/share/texlive/texmf-dist/tex/latex/kvoptions/kvoptions.sty
Package: kvoptions 2022-06-15 v3.15 Key value format for package options (HO)
))
\c@section@level=\count300
)
\@linkdim=\dimen267
\Hy@linkcounter=\count301
\Hy@pagecounter=\count302

(/usr/share/texlive/texmf-dist/tex/latex/hyperref/pd1enc.def
File: pd1enc.def 2024-01-20 v7.01h Hyperref: PDFDocEncoding definition (HO)
Now handling font encoding PD1 ...
... no UTF-8 mapping file for font encoding PD1
)
(/usr/share/texlive/texmf-dist/tex/generic/intcalc/intcalc.sty
Package: intcalc 2019/12/15 v1.3 Expandable calculations with integers (HO)
)
\Hy@SavedSpaceFactor=\count303

(/usr/share/texlive/texmf-dist/tex/latex/hyperref/puenc.def
File: puenc.def 2024-01-20 v7.01h Hyperref: PDF Unicode definition (HO)
Now handling font encoding PU ...
... no UTF-8 mapping file for font encoding PU
)
Package hyperref Info: Option `bookmarks' set `true' on input line 4062.
Package hyperref Info: Option `bookmarksopen' set `true' on input line 4062.
Package hyperref Info: Option `implicit' set `false' on input line 4062.
Package hyperref Info: Hyper figures OFF on input line 4179.
Package hyperref Info: Link nesting OFF on input line 4184.
Package hyperref Info: Hyper index ON on input line 4187.
Package hyperref Info: Plain pages OFF on input line 4194.
Package hyperref Info: Backreferencing OFF on input line 4199.
Package hyperref Info: Implicit mode OFF; no redefinition of LaTeX internals.
Package hyperref Info: Bookmarks ON on input line 4446.
\c@Hy@tempcnt=\count304

(/usr/share/texlive/texmf-dist/tex/latex/url/url.sty
\Urlmuskip=\muskip16
Package: url 2013/09/16  ver 3.4  Verb mode for urls, etc.
)
LaTeX Info: Redefining \url on input line 4784.
\XeTeXLinkMargin=\dimen268

(/usr/share/texlive/texmf-dist/tex/generic/bitset/bitset.sty
Package: bitset 2019/12/09 v1.3 Handle bit-vector datatype (HO)

(/usr/share/texlive/texmf-dist/tex/generic/bigintcalc/bigintcalc.sty
Package: bigintcalc 2019/12/15 v1.5 Expandable calculations on big integers (HO
)
))
\Fld@menulength=\count305
\Field@Width=\dimen269
\Fld@charsize=\dimen270
Package hyperref Info: Hyper figures OFF on input line 6063.
Package hyperref Info: Link nesting OFF on input line 6068.
Package hyperref Info: Hyper index ON on input line 6071.
Package hyperref Info: backreferencing OFF on input line 6078.
Package hyperref Info: Link coloring OFF on input line 6083.
Package hyperref Info: Link coloring with OCG OFF on input line 6088.
Package hyperref Info: PDF/A mode OFF on input line 6093.
\Hy@abspage=\count306


Package hyperref Message: Stopped early.

)
Package hyperref Info: Driver (autodetected): hpdftex.
 (/usr/share/texlive/texmf-dist/tex/latex/hyperref/hpdftex.def
File: hpdftex.def 2024-01-20 v7.01h Hyperref driver for pdfTeX

(/usr/share/texlive/texmf-dist/tex/latex/base/atveryend-ltx.sty
Package: atveryend-ltx 2020/08/19 v1.0a Emulation of the original atveryend pac
kage
with kernel methods
)
\Fld@listcount=\count307
\c@bookmark@seq@number=\count308

(/usr/share/texlive/texmf-dist/tex/latex/rerunfilecheck/rerunfilecheck.sty
Package: rerunfilecheck 2022-07-10 v1.10 Rerun checks for auxiliary files (HO)

(/usr/share/texlive/texmf-dist/tex/generic/uniquecounter/uniquecounter.sty
Package: uniquecounter 2019/12/15 v1.4 Provide unlimited unique counter (HO)
)
Package uniquecounter Info: New unique counter `rerunfilecheck' on input line 2
85.
))
(/usr/share/texlive/texmf-dist/tex/latex/beamer/beamerbaserequires.sty
(/usr/share/texlive/texmf-dist/tex/latex/beamer/beamerbasecompatibility.sty)
(/usr/share/texlive/texmf-dist/tex/latex/beamer/beamerbasefont.sty
(/usr/share/texlive/texmf-dist/tex/latex/amsfonts/amssymb.sty
Package: amssymb 2013/01/14 v3.01 AMS font symbols

(/usr/share/texlive/texmf-dist/tex/latex/amsfonts/amsfonts.sty
Package: amsfonts 2013/01/14 v3.01 Basic AMSFonts support
\@emptytoks=\toks29
\symAMSa=\mathgroup4
\symAMSb=\mathgroup5
LaTeX Font Info:    Redeclaring math symbol \hbar on input line 98.
LaTeX Font Info:    Overwriting math alphabet `\mathfrak' in version `bold'
(Font)                  U/euf/m/n --> U/euf/b/n on input line 106.
)))
(/usr/share/texlive/texmf-dist/tex/latex/beamer/beamerbasetranslator.sty
(/usr/share/texlive/texmf-dist/tex/latex/translator/translator.sty
Package: translator 2021-05-31 v1.12d Easy translation of strings in LaTeX
))
(/usr/share/texlive/texmf-dist/tex/latex/beamer/beamerbasemisc.sty)
(/usr/share/texlive/texmf-dist/tex/latex/beamer/beamerbasetwoscreens.sty)
(/usr/share/texlive/texmf-dist/tex/latex/beamer/beamerbaseoverlay.sty
\beamer@argscount=\count309
\beamer@lastskipcover=\skip51
\beamer@trivlistdepth=\count310
)
(/usr/share/texlive/texmf-dist/tex/latex/beamer/beamerbasetitle.sty)
(/usr/share/texlive/texmf-dist/tex/latex/beamer/beamerbasesection.sty
\c@lecture=\count311
\c@part=\count312
\c@section=\count313
\c@subsection=\count314
\c@subsubsection=\count315
)
(/usr/share/texlive/texmf-dist/tex/latex/beamer/beamerbaseframe.sty
\beamer@framebox=\box66
\beamer@frametitlebox=\box67
\beamer@zoombox=\box68
\beamer@zoomcount=\count316
\beamer@zoomframecount=\count317
\beamer@frametextheight=\dimen271
\c@subsectionslide=\count318
\beamer@frametopskip=\skip52
\beamer@framebottomskip=\skip53
\beamer@frametopskipautobreak=\skip54
\beamer@framebottomskipautobreak=\skip55
\beamer@envbody=\toks30
\framewidth=\dimen272
\c@framenumber=\count319
)
(/usr/share/texlive/texmf-dist/tex/latex/beamer/beamerbaseverbatim.sty
\beamer@verbatimfileout=\write4
)
(/usr/share/texlive/texmf-dist/tex/latex/beamer/beamerbaseframesize.sty
\beamer@splitbox=\box69
\beamer@autobreakcount=\count320
\beamer@autobreaklastheight=\dimen273
\beamer@frametitletoks=\toks31
\beamer@framesubtitletoks=\toks32
)
(/usr/share/texlive/texmf-dist/tex/latex/beamer/beamerbaseframecomponents.sty
\beamer@footins=\box70
)
(/usr/share/texlive/texmf-dist/tex/latex/beamer/beamerbasecolor.sty)
(/usr/share/texlive/texmf-dist/tex/latex/beamer/beamerbasenotes.sty
\beamer@frameboxcopy=\box71
)
(/usr/share/texlive/texmf-dist/tex/latex/beamer/beamerbasetoc.sty)
(/usr/share/texlive/texmf-dist/tex/latex/beamer/beamerbasetemplates.sty
\beamer@sbttoks=\toks33

(/usr/share/texlive/texmf-dist/tex/latex/beamer/beamerbaseauxtemplates.sty
(/usr/share/texlive/texmf-dist/tex/latex/beamer/beamerbaseboxes.sty
\bmb@box=\box72
\bmb@colorbox=\box73
\bmb@boxwidth=\dimen274
\bmb@boxheight=\dimen275
\bmb@prevheight=\dimen276
\bmb@temp=\dimen277
\bmb@dima=\dimen278
\bmb@dimb=\dimen279
\bmb@prevheight=\dimen280
)
\beamer@blockheadheight=\dimen281
))
(/usr/share/texlive/texmf-dist/tex/latex/beamer/beamerbaselocalstructure.sty
(/usr/share/texlive/texmf-dist/tex/latex/tools/enumerate.sty
Package: enumerate 2023/07/04 v3.00 enumerate extensions (DPC)
\@enLab=\toks34
)
\beamer@bibiconwidth=\skip56
\c@figure=\count321
\c@table=\count322
\abovecaptionskip=\skip57
\belowcaptionskip=\skip58
)
(/usr/share/texlive/texmf-dist/tex/latex/beamer/beamerbasenavigation.sty
(/usr/share/texlive/texmf-dist/tex/latex/beamer/beamerbasenavigationsymbols.tex
)
\beamer@section@min@dim=\dimen282
) (/usr/share/texlive/texmf-dist/tex/latex/beamer/beamerbasetheorems.sty
(/usr/share/texlive/texmf-dist/tex/latex/amsmath/amsmath.sty
Package: amsmath 2023/05/13 v2.17o AMS math features
\@mathmargin=\skip59

For additional information on amsmath, use the `?' option.
(/usr/share/texlive/texmf-dist/tex/latex/amsmath/amstext.sty
Package: amstext 2021/08/26 v2.01 AMS text

(/usr/share/texlive/texmf-dist/tex/latex/amsmath/amsgen.sty
File: amsgen.sty 1999/11/30 v2.0 generic functions
\@emptytoks=\toks35
\ex@=\dimen283
))
(/usr/share/texlive/texmf-dist/tex/latex/amsmath/amsbsy.sty
Package: amsbsy 1999/11/29 v1.2d Bold Symbols
\pmbraise@=\dimen284
)
(/usr/share/texlive/texmf-dist/tex/latex/amsmath/amsopn.sty
Package: amsopn 2022/04/08 v2.04 operator names
)
\inf@bad=\count323
LaTeX Info: Redefining \frac on input line 234.
\uproot@=\count324
\leftroot@=\count325
LaTeX Info: Redefining \overline on input line 399.
LaTeX Info: Redefining \colon on input line 410.
\classnum@=\count326
\DOTSCASE@=\count327
LaTeX Info: Redefining \ldots on input line 496.
LaTeX Info: Redefining \dots on input line 499.
LaTeX Info: Redefining \cdots on input line 620.
\Mathstrutbox@=\box74
\strutbox@=\box75
LaTeX Info: Redefining \big on input line 722.
LaTeX Info: Redefining \Big on input line 723.
LaTeX Info: Redefining \bigg on input line 724.
LaTeX Info: Redefining \Bigg on input line 725.
\big@size=\dimen285
LaTeX Font Info:    Redeclaring font encoding OML on input line 743.
LaTeX Font Info:    Redeclaring font encoding OMS on input line 744.
\macc@depth=\count328
LaTeX Info: Redefining \bmod on input line 905.
LaTeX Info: Redefining \pmod on input line 910.
LaTeX Info: Redefining \smash on input line 940.
LaTeX Info: Redefining \relbar on input line 970.
LaTeX Info: Redefining \Relbar on input line 971.
\c@MaxMatrixCols=\count329
\dotsspace@=\muskip17
\c@parentequation=\count330
\dspbrk@lvl=\count331
\tag@help=\toks36
\row@=\count332
\column@=\count333
\maxfields@=\count334
\andhelp@=\toks37
\eqnshift@=\dimen286
\alignsep@=\dimen287
\tagshift@=\dimen288
\tagwidth@=\dimen289
\totwidth@=\dimen290
\lineht@=\dimen291
\@envbody=\toks38
\multlinegap=\skip60
\multlinetaggap=\skip61
\mathdisplay@stack=\toks39
LaTeX Info: Redefining \[ on input line 2953.
LaTeX Info: Redefining \] on input line 2954.
)
(/usr/share/texlive/texmf-dist/tex/latex/amscls/amsthm.sty
Package: amsthm 2020/05/29 v2.20.6
\thm@style=\toks40
\thm@bodyfont=\toks41
\thm@headfont=\toks42
\thm@notefont=\toks43
\thm@headpunct=\toks44
\thm@preskip=\skip62
\thm@postskip=\skip63
\thm@headsep=\skip64
\dth@everypar=\toks45
)
\c@theorem=\count335
)
(/usr/share/texlive/texmf-dist/tex/latex/beamer/beamerbasethemes.sty))
(/usr/share/texlive/texmf-dist/tex/latex/beamer/beamerthemedefault.sty
(/usr/share/texlive/texmf-dist/tex/latex/beamer/beamerfontthemedefault.sty)
(/usr/share/texlive/texmf-dist/tex/latex/beamer/beamercolorthemedefault.sty)
(/usr/share/texlive/texmf-dist/tex/latex/beamer/beamerinnerthemedefault.sty
\beamer@dima=\dimen292
\beamer@dimb=\dimen293
)
(/usr/share/texlive/texmf-dist/tex/latex/beamer/beamerouterthemedefault.sty)))
(/usr/share/texlive/texmf-dist/tex/latex/beamer/beamerthemeMadrid.sty
(/usr/share/texlive/texmf-dist/tex/latex/beamer/beamercolorthemewhale.sty)
(/usr/share/texlive/texmf-dist/tex/latex/beamer/beamercolorthemeorchid.sty)
(/usr/share/texlive/texmf-dist/tex/latex/beamer/beamerinnerthemerounded.sty)
(/usr/share/texlive/texmf-dist/tex/latex/beamer/beamerouterthemeinfolines.sty))
(/usr/share/texlive/texmf-dist/tex/generic/babel/babel.sty
Package: babel 2024/01/07 v24.1 The Babel package
\babel@savecnt=\count336
\U@D=\dimen294
\l@unhyphenated=\language9

(/usr/share/texlive/texmf-dist/tex/generic/babel/txtbabel.def)
\bbl@readstream=\read3
LaTeX Info: Redefining \textlatin on input line 3986.
\bbl@dirlevel=\count337

(/usr/share/texlive/texmf-dist/tex/generic/babel-english/english.ldf
Language: english 2017/06/06 v3.3r English support from the babel system
Package babel Info: Hyphen rules for 'british' set to \l@english
(babel)             (\language0). Reported on input line 82.
Package babel Info: Hyphen rules for 'UKenglish' set to \l@english
(babel)             (\language0). Reported on input line 83.
Package babel Info: Hyphen rules for 'canadian' set to \l@english
(babel)             (\language0). Reported on input line 102.
Package babel Info: Hyphen rules for 'australian' set to \l@english
(babel)             (\language0). Reported on input line 105.
Package babel Info: Hyphen rules for 'newzealand' set to \l@english
(babel)             (\language0). Reported on input line 108.
))
(/usr/share/texlive/texmf-dist/tex/generic/babel/locale/en/babel-english.tex
Package babel Info: Importing font and identification data for english
(babel)             from babel-en.ini. Reported on input line 11.
)
(/usr/share/texlive/texmf-dist/tex/latex/base/inputenc.sty
Package: inputenc 2021/02/14 v1.3d Input encoding file
\inpenc@prehook=\toks46
\inpenc@posthook=\toks47
)
(/usr/share/texlive/texmf-dist/tex/latex/psnfss/times.sty
Package: times 2020/03/25 PSNFSS-v9.3 (SPQR) 
)
(/usr/share/texlive/texmf-dist/tex/latex/base/fontenc.sty
Package: fontenc 2021/04/29 v2.0v Standard LaTeX package
LaTeX Font Info:    Trying to load font information for T1+phv on input line 11
2.

(/usr/share/texlive/texmf-dist/tex/latex/psnfss/t1phv.fd
File: t1phv.fd 2020/03/25 scalable font definitions for T1/phv.
))
(/usr/share/texlive/texmf-dist/tex/latex/listings/listings.sty
\lst@mode=\count338
\lst@gtempboxa=\box76
\lst@token=\toks48
\lst@length=\count339
\lst@currlwidth=\dimen295
\lst@column=\count340
\lst@pos=\count341
\lst@lostspace=\dimen296
\lst@width=\dimen297
\lst@newlines=\count342
\lst@lineno=\count343
\lst@maxwidth=\dimen298

(/usr/share/texlive/texmf-dist/tex/latex/listings/lstmisc.sty
File: lstmisc.sty 2023/02/27 1.9 (Carsten Heinz)
\c@lstnumber=\count344
\lst@skipnumbers=\count345
\lst@framebox=\box77
)
(/usr/share/texlive/texmf-dist/tex/latex/listings/listings.cfg
File: listings.cfg 2023/02/27 1.9 listings configuration
))
Package: listings 2023/02/27 1.9 (Carsten Heinz)

(/usr/share/texlive/texmf-dist/tex/latex/algorithms/algorithm.sty
Package: algorithm 2009/08/24 v0.1 Document Style `algorithm' - floating enviro
nment

(/usr/share/texlive/texmf-dist/tex/latex/float/float.sty
Package: float 2001/11/08 v1.3d Float enhancements (AL)
\c@float@type=\count346
\float@exts=\toks49
\float@box=\box78
\@float@everytoks=\toks50
\@floatcapt=\box79
)
(/usr/share/texlive/texmf-dist/tex/latex/base/ifthen.sty
Package: ifthen 2022/04/13 v1.1d Standard LaTeX ifthen package (DPC)
)
\@float@every@algorithm=\toks51
\c@algorithm=\count347
)
(/usr/share/texlive/texmf-dist/tex/latex/algorithmicx/algpseudocode.sty
Package: algpseudocode 

(/usr/share/texlive/texmf-dist/tex/latex/algorithmicx/algorithmicx.sty
Package: algorithmicx 2005/04/27 v1.2 Algorithmicx

Document Style algorithmicx 1.2 - a greatly improved `algorithmic' style
\c@ALG@line=\count348
\c@ALG@rem=\count349
\c@ALG@nested=\count350
\ALG@tlm=\skip65
\ALG@thistlm=\skip66
\c@ALG@Lnr=\count351
\c@ALG@blocknr=\count352
\c@ALG@storecount=\count353
\c@ALG@tmpcounter=\count354
\ALG@tmplength=\skip67
)
Document Style - pseudocode environments for use with the `algorithmicx' style
) (/usr/share/texlive/texmf-dist/tex/latex/booktabs/booktabs.sty
Package: booktabs 2020/01/12 v1.61803398 Publication quality tables
\heavyrulewidth=\dimen299
\lightrulewidth=\dimen300
\cmidrulewidth=\dimen301
\belowrulesep=\dimen302
\belowbottomsep=\dimen303
\aboverulesep=\dimen304
\abovetopsep=\dimen305
\cmidrulesep=\dimen306
\cmidrulekern=\dimen307
\defaultaddspace=\dimen308
\@cmidla=\count355
\@cmidlb=\count356
\@aboverulesep=\dimen309
\@belowrulesep=\dimen310
\@thisruleclass=\count357
\@lastruleclass=\count358
\@thisrulewidth=\dimen311
)
(/usr/share/texlive/texmf-dist/tex/latex/tools/multicol.sty
Package: multicol 2023/03/30 v1.9f multicolumn formatting (FMi)
\c@tracingmulticols=\count359
\mult@box=\box80
\multicol@leftmargin=\dimen312
\c@unbalance=\count360
\c@collectmore=\count361
\doublecol@number=\count362
\multicoltolerance=\count363
\multicolpretolerance=\count364
\full@width=\dimen313
\page@free=\dimen314
\premulticols=\dimen315
\postmulticols=\dimen316
\multicolsep=\skip68
\multicolbaselineskip=\skip69
\partial@page=\box81
\last@line=\box82
\mc@boxedresult=\box83
\maxbalancingoverflow=\dimen317
\mult@rightbox=\box84
\mult@grightbox=\box85
\mult@firstbox=\box86
\mult@gfirstbox=\box87
\@tempa=\box88
\@tempa=\box89
\@tempa=\box90
\@tempa=\box91
\@tempa=\box92
\@tempa=\box93
\@tempa=\box94
\@tempa=\box95
\@tempa=\box96
\@tempa=\box97
\@tempa=\box98
\@tempa=\box99
\@tempa=\box100
\@tempa=\box101
\@tempa=\box102
\@tempa=\box103
\@tempa=\box104
\@tempa=\box105
\@tempa=\box106
\@tempa=\box107
\@tempa=\box108
\@tempa=\box109
\@tempa=\box110
\@tempa=\box111
\@tempa=\box112
\@tempa=\box113
\@tempa=\box114
\@tempa=\box115
\@tempa=\box116
\@tempa=\box117
\@tempa=\box118
\@tempa=\box119
\@tempa=\box120
\@tempa=\box121
\@tempa=\box122
\@tempa=\box123
\c@minrows=\count365
\c@columnbadness=\count366
\c@finalcolumnbadness=\count367
\last@try=\dimen318
\multicolovershoot=\dimen319
\multicolundershoot=\dimen320
\mult@nat@firstbox=\box124
\colbreak@box=\box125
\mc@col@check@num=\count368
)
(/usr/share/texlive/texmf-dist/tex/latex/tools/xspace.sty
Package: xspace 2014/10/28 v1.13 Space after command names (DPC,MH)
)
(/usr/share/texlive/texmf-dist/tex/latex/pgf/frontendlayer/tikz.sty
(/usr/share/texlive/texmf-dist/tex/latex/pgf/basiclayer/pgf.sty
Package: pgf 2023-01-15 v3.1.10 (3.1.10)

(/usr/share/texlive/texmf-dist/tex/generic/pgf/modules/pgfmoduleshapes.code.tex
File: pgfmoduleshapes.code.tex 2023-01-15 v3.1.10 (3.1.10)
\pgfnodeparttextbox=\box126
) (/usr/share/texlive/texmf-dist/tex/generic/pgf/modules/pgfmoduleplot.code.tex
File: pgfmoduleplot.code.tex 2023-01-15 v3.1.10 (3.1.10)
)
(/usr/share/texlive/texmf-dist/tex/latex/pgf/compatibility/pgfcomp-version-0-65
.sty
Package: pgfcomp-version-0-65 2023-01-15 v3.1.10 (3.1.10)
\pgf@nodesepstart=\dimen321
\pgf@nodesepend=\dimen322
)
(/usr/share/texlive/texmf-dist/tex/latex/pgf/compatibility/pgfcomp-version-1-18
.sty
Package: pgfcomp-version-1-18 2023-01-15 v3.1.10 (3.1.10)
)) (/usr/share/texlive/texmf-dist/tex/latex/pgf/utilities/pgffor.sty
(/usr/share/texlive/texmf-dist/tex/generic/pgf/utilities/pgffor.code.tex
Package: pgffor 2023-01-15 v3.1.10 (3.1.10)
\pgffor@iter=\dimen323
\pgffor@skip=\dimen324
\pgffor@stack=\toks52
\pgffor@toks=\toks53
))
(/usr/share/texlive/texmf-dist/tex/generic/pgf/frontendlayer/tikz/tikz.code.tex
Package: tikz 2023-01-15 v3.1.10 (3.1.10)

(/usr/share/texlive/texmf-dist/tex/generic/pgf/libraries/pgflibraryplothandlers
.code.tex
File: pgflibraryplothandlers.code.tex 2023-01-15 v3.1.10 (3.1.10)
\pgf@plot@mark@count=\count369
\pgfplotmarksize=\dimen325
)
\tikz@lastx=\dimen326
\tikz@lasty=\dimen327
\tikz@lastxsaved=\dimen328
\tikz@lastysaved=\dimen329
\tikz@lastmovetox=\dimen330
\tikz@lastmovetoy=\dimen331
\tikzleveldistance=\dimen332
\tikzsiblingdistance=\dimen333
\tikz@figbox=\box127
\tikz@figbox@bg=\box128
\tikz@tempbox=\box129
\tikz@tempbox@bg=\box130
\tikztreelevel=\count370
\tikznumberofchildren=\count371
\tikznumberofcurrentchild=\count372
\tikz@fig@count=\count373

(/usr/share/texlive/texmf-dist/tex/generic/pgf/modules/pgfmodulematrix.code.tex
File: pgfmodulematrix.code.tex 2023-01-15 v3.1.10 (3.1.10)
\pgfmatrixcurrentrow=\count374
\pgfmatrixcurrentcolumn=\count375
\pgf@matrix@numberofcolumns=\count376
)
\tikz@expandcount=\count377

(/usr/share/texlive/texmf-dist/tex/generic/pgf/frontendlayer/tikz/libraries/tik
zlibrarytopaths.code.tex
File: tikzlibrarytopaths.code.tex 2023-01-15 v3.1.10 (3.1.10)
)))
(/usr/share/texlive/texmf-dist/tex/latex/l3backend/l3backend-pdftex.def
File: l3backend-pdftex.def 2024-01-04 L3 backend support: PDF output (pdfTeX)
\l__color_backend_stack_int=\count378
\l__pdf_internal_box=\box131
)
(./presentation.aux)
\openout1 = `presentation.aux'.

LaTeX Font Info:    Checking defaults for OML/cmm/m/it on input line 55.
LaTeX Font Info:    ... okay on input line 55.
LaTeX Font Info:    Checking defaults for OMS/cmsy/m/n on input line 55.
LaTeX Font Info:    ... okay on input line 55.
LaTeX Font Info:    Checking defaults for OT1/cmr/m/n on input line 55.
LaTeX Font Info:    ... okay on input line 55.
LaTeX Font Info:    Checking defaults for T1/cmr/m/n on input line 55.
LaTeX Font Info:    ... okay on input line 55.
LaTeX Font Info:    Checking defaults for TS1/cmr/m/n on input line 55.
LaTeX Font Info:    ... okay on input line 55.
LaTeX Font Info:    Checking defaults for OMX/cmex/m/n on input line 55.
LaTeX Font Info:    ... okay on input line 55.
LaTeX Font Info:    Checking defaults for U/cmr/m/n on input line 55.
LaTeX Font Info:    ... okay on input line 55.
LaTeX Font Info:    Checking defaults for PD1/pdf/m/n on input line 55.
LaTeX Font Info:    ... okay on input line 55.
LaTeX Font Info:    Checking defaults for PU/pdf/m/n on input line 55.
LaTeX Font Info:    ... okay on input line 55.

*geometry* driver: auto-detecting
*geometry* detected driver: pdftex
*geometry* verbose mode - [ preamble ] result:
* driver: pdftex
* paper: custom
* layout: <same size as paper>
* layoutoffset:(h,v)=(0.0pt,0.0pt)
* modes: includehead includefoot 
* h-part:(L,W,R)=(10.95003pt, 342.2953pt, 10.95003pt)
* v-part:(T,H,B)=(0.0pt, 273.14662pt, 0.0pt)
* \paperwidth=364.19536pt
* \paperheight=273.14662pt
* \textwidth=342.2953pt
* \textheight=244.6939pt
* \oddsidemargin=-61.31996pt
* \evensidemargin=-61.31996pt
* \topmargin=-72.26999pt
* \headheight=14.22636pt
* \headsep=0.0pt
* \topskip=11.0pt
* \footskip=14.22636pt
* \marginparwidth=4.0pt
* \marginparsep=10.0pt
* \columnsep=10.0pt
* \skip\footins=10.0pt plus 4.0pt minus 2.0pt
* \hoffset=0.0pt
* \voffset=0.0pt
* \mag=1000
* \@twocolumnfalse
* \@twosidefalse
* \@mparswitchfalse
* \@reversemarginfalse
* (1in=72.27pt=25.4mm, 1cm=28.453pt)

(/usr/share/texlive/texmf-dist/tex/context/base/mkii/supp-pdf.mkii
[Loading MPS to PDF converter (version 2006.09.02).]
\scratchcounter=\count379
\scratchdimen=\dimen334
\scratchbox=\box132
\nofMPsegments=\count380
\nofMParguments=\count381
\everyMPshowfont=\toks54
\MPscratchCnt=\count382
\MPscratchDim=\dimen335
\MPnumerator=\count383
\makeMPintoPDFobject=\count384
\everyMPtoPDFconversion=\toks55
) (/usr/share/texlive/texmf-dist/tex/latex/epstopdf-pkg/epstopdf-base.sty
Package: epstopdf-base 2020-01-24 v2.11 Base part for package epstopdf
Package epstopdf-base Info: Redefining graphics rule for `.eps' on input line 4
85.

(/usr/share/texlive/texmf-dist/tex/latex/latexconfig/epstopdf-sys.cfg
File: epstopdf-sys.cfg 2010/07/13 v1.3 Configuration of (r)epstopdf for TeX Liv
e
))
Package hyperref Info: Link coloring OFF on input line 55.

(./presentation.out) (./presentation.out)
\@outlinefile=\write5
\openout5 = `presentation.out'.

LaTeX Font Info:    Overwriting symbol font `operators' in version `normal'
(Font)                  OT1/cmr/m/n --> OT1/cmss/m/n on input line 55.
LaTeX Font Info:    Overwriting symbol font `operators' in version `bold'
(Font)                  OT1/cmr/bx/n --> OT1/cmss/b/n on input line 55.
\symnumbers=\mathgroup6
\sympureletters=\mathgroup7
LaTeX Font Info:    Overwriting math alphabet `\mathrm' in version `normal'
(Font)                  OT1/cmss/m/n --> T1/ptm/m/n on input line 55.
LaTeX Font Info:    Redeclaring math alphabet \mathbf on input line 55.
LaTeX Font Info:    Overwriting math alphabet `\mathbf' in version `normal'
(Font)                  OT1/cmr/bx/n --> T1/phv/b/n on input line 55.
LaTeX Font Info:    Overwriting math alphabet `\mathbf' in version `bold'
(Font)                  OT1/cmr/bx/n --> T1/phv/b/n on input line 55.
LaTeX Font Info:    Redeclaring math alphabet \mathsf on input line 55.
LaTeX Font Info:    Overwriting math alphabet `\mathsf' in version `normal'
(Font)                  OT1/cmss/m/n --> T1/phv/m/n on input line 55.
LaTeX Font Info:    Overwriting math alphabet `\mathsf' in version `bold'
(Font)                  OT1/cmss/bx/n --> T1/phv/m/n on input line 55.
LaTeX Font Info:    Redeclaring math alphabet \mathit on input line 55.
LaTeX Font Info:    Overwriting math alphabet `\mathit' in version `normal'
(Font)                  OT1/cmr/m/it --> T1/phv/m/it on input line 55.
LaTeX Font Info:    Overwriting math alphabet `\mathit' in version `bold'
(Font)                  OT1/cmr/bx/it --> T1/phv/m/it on input line 55.
LaTeX Font Info:    Redeclaring math alphabet \mathtt on input line 55.
LaTeX Font Info:    Overwriting math alphabet `\mathtt' in version `normal'
(Font)                  OT1/cmtt/m/n --> T1/pcr/m/n on input line 55.
LaTeX Font Info:    Overwriting math alphabet `\mathtt' in version `bold'
(Font)                  OT1/cmtt/m/n --> T1/pcr/m/n on input line 55.
LaTeX Font Info:    Overwriting symbol font `numbers' in version `bold'
(Font)                  T1/phv/m/n --> T1/phv/b/n on input line 55.
LaTeX Font Info:    Overwriting symbol font `pureletters' in version `bold'
(Font)                  T1/phv/m/it --> T1/phv/b/it on input line 55.
LaTeX Font Info:    Overwriting math alphabet `\mathrm' in version `bold'
(Font)                  OT1/cmss/b/n --> T1/ptm/b/n on input line 55.
LaTeX Font Info:    Overwriting math alphabet `\mathbf' in version `bold'
(Font)                  T1/phv/b/n --> T1/phv/b/n on input line 55.
LaTeX Font Info:    Overwriting math alphabet `\mathsf' in version `bold'
(Font)                  T1/phv/m/n --> T1/phv/b/n on input line 55.
LaTeX Font Info:    Overwriting math alphabet `\mathit' in version `bold'
(Font)                  T1/phv/m/it --> T1/phv/b/it on input line 55.
LaTeX Font Info:    Overwriting math alphabet `\mathtt' in version `bold'
(Font)                  T1/pcr/m/n --> T1/pcr/b/n on input line 55.

(/usr/share/texlive/texmf-dist/tex/latex/translator/translator-basic-dictionary
-English.dict
Dictionary: translator-basic-dictionary, Language: English 
)
(/usr/share/texlive/texmf-dist/tex/latex/translator/translator-bibliography-dic
tionary-English.dict
Dictionary: translator-bibliography-dictionary, Language: English 
)
(/usr/share/texlive/texmf-dist/tex/latex/translator/translator-environment-dict
ionary-English.dict
Dictionary: translator-environment-dictionary, Language: English 
)
(/usr/share/texlive/texmf-dist/tex/latex/translator/translator-months-dictionar
y-English.dict
Dictionary: translator-months-dictionary, Language: English 
)
(/usr/share/texlive/texmf-dist/tex/latex/translator/translator-numbers-dictiona
ry-English.dict
Dictionary: translator-numbers-dictionary, Language: English 
)
(/usr/share/texlive/texmf-dist/tex/latex/translator/translator-theorem-dictiona
ry-English.dict
Dictionary: translator-theorem-dictionary, Language: English 
)
\c@lstlisting=\count385
 (./presentation.nav)
Overfull \hbox (102.214pt too wide) in paragraph at lines 55--55
 [][]  \T1/phv/m/n/6 ([])  
 []


Overfull \hbox (102.214pt too wide) in paragraph at lines 59--59
 [][]  \T1/phv/m/n/6 ([])  
 []


Overfull \hbox (102.214pt too wide) has occurred while \output is active
 [][]  \T1/phv/m/n/6 ([])  
 []

[1

{/var/lib/texmf/fonts/map/pdftex/updmap/pdftex.map}{/usr/share/texlive/texmf-di
st/fonts/enc/dvips/base/8r.enc}]
Overfull \hbox (102.214pt too wide) in paragraph at lines 80--80
 [][]  \T1/phv/m/n/6 ([])  
 []

<Pictures/local_first_collaboration_diagram.png, id=88, 1280.785pt x 799.98875p
t>
File: Pictures/local_first_collaboration_diagram.png Graphic file (type png)
<use Pictures/local_first_collaboration_diagram.png>
Package pdftex.def Info: Pictures/local_first_collaboration_diagram.png  used o
n input line 80.
(pdftex.def)             Requested size: 205.37926pt x 128.28157pt.

Overfull \hbox (102.214pt too wide) has occurred while \output is active
 [][]  \T1/phv/m/n/6 ([])  
 []

[2

 <./Pictures/local_first_collaboration_diagram.png>]
File: Pictures/local_first_collaboration_diagram.png Graphic file (type png)
<use Pictures/local_first_collaboration_diagram.png>
Package pdftex.def Info: Pictures/local_first_collaboration_diagram.png  used o
n input line 80.
(pdftex.def)             Requested size: 205.37926pt x 128.28157pt.

Overfull \hbox (102.214pt too wide) has occurred while \output is active
 [][]  \T1/phv/m/n/6 ([])  
 []

[3

]
File: Pictures/local_first_collaboration_diagram.png Graphic file (type png)
<use Pictures/local_first_collaboration_diagram.png>
Package pdftex.def Info: Pictures/local_first_collaboration_diagram.png  used o
n input line 80.
(pdftex.def)             Requested size: 205.37926pt x 128.28157pt.

Overfull \hbox (102.214pt too wide) has occurred while \output is active
 [][]  \T1/phv/m/n/6 ([])  
 []

[4

]
Overfull \hbox (102.214pt too wide) in paragraph at lines 104--104
 [][]  \T1/phv/m/n/6 ([])  
 []

LaTeX Font Info:    Trying to load font information for U+msa on input line 104
.
(/usr/share/texlive/texmf-dist/tex/latex/amsfonts/umsa.fd
File: umsa.fd 2013/01/14 v3.01 AMS symbols A
)
LaTeX Font Info:    Trying to load font information for U+msb on input line 104
.

(/usr/share/texlive/texmf-dist/tex/latex/amsfonts/umsb.fd
File: umsb.fd 2013/01/14 v3.01 AMS symbols B
)
LaTeX Font Info:    Font shape `T1/phv/m/it' in size <10.95> not available
(Font)              Font shape `T1/phv/m/sl' tried instead on input line 104.
LaTeX Font Info:    Font shape `T1/phv/m/it' in size <8> not available
(Font)              Font shape `T1/phv/m/sl' tried instead on input line 104.
LaTeX Font Info:    Font shape `T1/phv/m/it' in size <6> not available
(Font)              Font shape `T1/phv/m/sl' tried instead on input line 104.
<Pictures/git_merge.png, id=174, 1674.255pt x 692.5875pt>
File: Pictures/git_merge.png Graphic file (type png)
<use Pictures/git_merge.png>
Package pdftex.def Info: Pictures/git_merge.png  used on input line 104.
(pdftex.def)             Requested size: 205.37926pt x 84.95631pt.
LaTeX Font Info:    Font shape `T1/phv/m/it' in size <10> not available
(Font)              Font shape `T1/phv/m/sl' tried instead on input line 104.

Overfull \hbox (102.214pt too wide) has occurred while \output is active
 [][]  \T1/phv/m/n/6 ([])  
 []

[5

 <./Pictures/git_merge.png>]
File: Pictures/git_merge.png Graphic file (type png)
<use Pictures/git_merge.png>
Package pdftex.def Info: Pictures/git_merge.png  used on input line 104.
(pdftex.def)             Requested size: 205.37926pt x 84.95631pt.

Overfull \hbox (102.214pt too wide) has occurred while \output is active
 [][]  \T1/phv/m/n/6 ([])  
 []

[6

]
File: Pictures/git_merge.png Graphic file (type png)
<use Pictures/git_merge.png>
Package pdftex.def Info: Pictures/git_merge.png  used on input line 104.
(pdftex.def)             Requested size: 205.37926pt x 84.95631pt.

Overfull \hbox (102.214pt too wide) has occurred while \output is active
 [][]  \T1/phv/m/n/6 ([])  
 []

[7

]
File: Pictures/git_merge.png Graphic file (type png)
<use Pictures/git_merge.png>
Package pdftex.def Info: Pictures/git_merge.png  used on input line 104.
(pdftex.def)             Requested size: 205.37926pt x 84.95631pt.

Overfull \hbox (102.214pt too wide) has occurred while \output is active
 [][]  \T1/phv/m/n/6 ([])  
 []

[8

]
Overfull \hbox (102.214pt too wide) in paragraph at lines 133--133
 [][]  \T1/phv/m/n/6 ([])  
 []

LaTeX Font Info:    Font shape `T1/phv/m/it' in size <7> not available
(Font)              Font shape `T1/phv/m/sl' tried instead on input line 133.
LaTeX Font Info:    Font shape `T1/phv/m/it' in size <5> not available
(Font)              Font shape `T1/phv/m/sl' tried instead on input line 133.

Overfull \hbox (5.00726pt too wide) in paragraph at lines 133--133
[][]  
 []

<Pictures/inc_only_counter_mrdt.png, id=284, 519.9425pt x 577.15625pt>
File: Pictures/inc_only_counter_mrdt.png Graphic file (type png)
<use Pictures/inc_only_counter_mrdt.png>
Package pdftex.def Info: Pictures/inc_only_counter_mrdt.png  used on input line
 133.
(pdftex.def)             Requested size: 162.58974pt x 180.47536pt.

Overfull \hbox (102.214pt too wide) has occurred while \output is active
 [][]  \T1/phv/m/n/6 ([])  
 []

[9

 <./Pictures/inc_only_counter_mrdt.png>]
Overfull \hbox (102.214pt too wide) in paragraph at lines 159--159
 [][]  \T1/phv/m/n/6 ([])  
 []

<Pictures/errata_kleppman.png, id=315, 861.2175pt x 338.26375pt>
File: Pictures/errata_kleppman.png Graphic file (type png)
<use Pictures/errata_kleppman.png>
Package pdftex.def Info: Pictures/errata_kleppman.png  used on input line 159.
(pdftex.def)             Requested size: 239.60567pt x 94.1093pt.
<Pictures/errata_vimala.png, id=316, 1501.61pt x 308.15125pt>
File: Pictures/errata_vimala.png Graphic file (type png)
<use Pictures/errata_vimala.png>
Package pdftex.def Info: Pictures/errata_vimala.png  used on input line 159.
(pdftex.def)             Requested size: 239.60567pt x 49.16884pt.

Overfull \hbox (102.214pt too wide) has occurred while \output is active
 [][]  \T1/phv/m/n/6 ([])  
 []

[10

 <./Pictures/errata_kleppman.png> <./Pictures/errata_vimala.png>]
Overfull \hbox (102.214pt too wide) in paragraph at lines 180--180
 [][]  \T1/phv/m/n/6 ([])  
 []


Overfull \hbox (102.214pt too wide) has occurred while \output is active
 [][]  \T1/phv/m/n/6 ([])  
 []

[11

]
Overfull \hbox (102.214pt too wide) has occurred while \output is active
 [][]  \T1/phv/m/n/6 ([])  
 []

[12

]
Overfull \hbox (102.214pt too wide) has occurred while \output is active
 [][]  \T1/phv/m/n/6 ([])  
 []

[13

]
Overfull \hbox (102.214pt too wide) in paragraph at lines 207--207
 [][]  \T1/phv/m/n/6 ([])  
 []

LaTeX Font Info:    Font shape `T1/phv/m/it' in size <14.4> not available
(Font)              Font shape `T1/phv/m/sl' tried instead on input line 207.

Overfull \hbox (102.214pt too wide) has occurred while \output is active
 [][]  \T1/phv/m/n/6 ([])  
 []

[14

]
Overfull \hbox (102.214pt too wide) has occurred while \output is active
 [][]  \T1/phv/m/n/6 ([])  
 []

[15

]
Overfull \hbox (102.214pt too wide) has occurred while \output is active
 [][]  \T1/phv/m/n/6 ([])  
 []

[16

]
Overfull \hbox (102.214pt too wide) has occurred while \output is active
 [][]  \T1/phv/m/n/6 ([])  
 []

[17

]
Overfull \hbox (102.214pt too wide) has occurred while \output is active
 [][]  \T1/phv/m/n/6 ([])  
 []

[18

]
Overfull \hbox (102.214pt too wide) has occurred while \output is active
 [][]  \T1/phv/m/n/6 ([])  
 []

[19

]
Overfull \hbox (102.214pt too wide) has occurred while \output is active
 [][]  \T1/phv/m/n/6 ([])  
 []

[20

]
Overfull \hbox (102.214pt too wide) has occurred while \output is active
 [][]  \T1/phv/m/n/6 ([])  
 []

[21

]
Overfull \hbox (102.214pt too wide) in paragraph at lines 231--231
 [][]  \T1/phv/m/n/6 ([])  
 []

<Pictures/grind_desc_1.png, id=836, 935.495pt x 216.81pt>
File: Pictures/grind_desc_1.png Graphic file (type png)
<use Pictures/grind_desc_1.png>
Package pdftex.def Info: Pictures/grind_desc_1.png  used on input line 231.
(pdftex.def)             Requested size: 154.03183pt x 35.69601pt.
<Pictures/grind_desc_2.png, id=837, 1167.36125pt x 163.61125pt>
File: Pictures/grind_desc_2.png Graphic file (type png)
<use Pictures/grind_desc_2.png>
Package pdftex.def Info: Pictures/grind_desc_2.png  used on input line 231.
(pdftex.def)             Requested size: 154.03183pt x 21.58725pt.

Overfull \hbox (102.214pt too wide) has occurred while \output is active
 [][]  \T1/phv/m/n/6 ([])  
 []

[22

 <./Pictures/grind_desc_1.png> <./Pictures/grind_desc_2.png>]
File: Pictures/grind_desc_1.png Graphic file (type png)
<use Pictures/grind_desc_1.png>
Package pdftex.def Info: Pictures/grind_desc_1.png  used on input line 231.
(pdftex.def)             Requested size: 154.03183pt x 35.69601pt.
File: Pictures/grind_desc_2.png Graphic file (type png)
<use Pictures/grind_desc_2.png>
Package pdftex.def Info: Pictures/grind_desc_2.png  used on input line 231.
(pdftex.def)             Requested size: 154.03183pt x 21.58725pt.

Overfull \hbox (102.214pt too wide) has occurred while \output is active
 [][]  \T1/phv/m/n/6 ([])  
 []

[23

]
File: Pictures/grind_desc_1.png Graphic file (type png)
<use Pictures/grind_desc_1.png>
Package pdftex.def Info: Pictures/grind_desc_1.png  used on input line 231.
(pdftex.def)             Requested size: 154.03183pt x 35.69601pt.
File: Pictures/grind_desc_2.png Graphic file (type png)
<use Pictures/grind_desc_2.png>
Package pdftex.def Info: Pictures/grind_desc_2.png  used on input line 231.
(pdftex.def)             Requested size: 154.03183pt x 21.58725pt.

Overfull \hbox (102.214pt too wide) has occurred while \output is active
 [][]  \T1/phv/m/n/6 ([])  
 []

[24

]
File: Pictures/grind_desc_1.png Graphic file (type png)
<use Pictures/grind_desc_1.png>
Package pdftex.def Info: Pictures/grind_desc_1.png  used on input line 231.
(pdftex.def)             Requested size: 154.03183pt x 35.69601pt.
File: Pictures/grind_desc_2.png Graphic file (type png)
<use Pictures/grind_desc_2.png>
Package pdftex.def Info: Pictures/grind_desc_2.png  used on input line 231.
(pdftex.def)             Requested size: 154.03183pt x 21.58725pt.

Overfull \hbox (102.214pt too wide) has occurred while \output is active
 [][]  \T1/phv/m/n/6 ([])  
 []

[25

]
File: Pictures/grind_desc_1.png Graphic file (type png)
<use Pictures/grind_desc_1.png>
Package pdftex.def Info: Pictures/grind_desc_1.png  used on input line 231.
(pdftex.def)             Requested size: 154.03183pt x 35.69601pt.
File: Pictures/grind_desc_2.png Graphic file (type png)
<use Pictures/grind_desc_2.png>
Package pdftex.def Info: Pictures/grind_desc_2.png  used on input line 231.
(pdftex.def)             Requested size: 154.03183pt x 21.58725pt.

Overfull \hbox (102.214pt too wide) has occurred while \output is active
 [][]  \T1/phv/m/n/6 ([])  
 []

[26

]
Overfull \hbox (102.214pt too wide) in paragraph at lines 235--235
 [][]  \T1/phv/m/n/6 ([])  
 []

\openout4 = `presentation.vrb'.


Overfull \hbox (102.214pt too wide) in paragraph at lines 263--263
 [][]  \T1/phv/m/n/6 ([])  
 []

(./presentation.vrb
(/usr/share/texlive/texmf-dist/tex/latex/listings/lstlang1.sty
File: lstlang1.sty 2023/02/27 1.9 listings language file
)
(/usr/share/texlive/texmf-dist/tex/latex/listings/lstlang2.sty
File: lstlang2.sty 2023/02/27 1.9 listings language file
)
LaTeX Font Info:    Trying to load font information for T1+pcr on input line 8.


(/usr/share/texlive/texmf-dist/tex/latex/psnfss/t1pcr.fd
File: t1pcr.fd 2001/06/04 font definitions for T1/pcr.
))
Overfull \hbox (102.214pt too wide) has occurred while \output is active
 [][]  \T1/phv/m/n/6 ([])  
 []

[27

]
Overfull \hbox (102.214pt too wide) in paragraph at lines 284--284
 [][]  \T1/phv/m/n/6 ([])  
 []


Overfull \hbox (102.214pt too wide) has occurred while \output is active
 [][]  \T1/phv/m/n/6 ([])  
 []

[28

]
Overfull \hbox (102.214pt too wide) has occurred while \output is active
 [][]  \T1/phv/m/n/6 ([])  
 []

[29

]
Overfull \hbox (102.214pt too wide) has occurred while \output is active
 [][]  \T1/phv/m/n/6 ([])  
 []

[30

]
Overfull \hbox (102.214pt too wide) in paragraph at lines 287--287
 [][]  \T1/phv/m/n/6 ([])  
 []

\openout4 = `presentation.vrb'.


Overfull \hbox (102.214pt too wide) in paragraph at lines 312--312
 [][]  \T1/phv/m/n/6 ([])  
 []

(./presentation.vrb)
Overfull \hbox (102.214pt too wide) has occurred while \output is active
 [][]  \T1/phv/m/n/6 ([])  
 []

[31

]
Overfull \hbox (102.214pt too wide) in paragraph at lines 324--324
 [][]  \T1/phv/m/n/6 ([])  
 []

<../SAL___Multi_modal_Verification_of_Replicated_Data_Types/ewflag-counterexamp
le.pdf, id=1192, 356.33125pt x 307.1475pt>
File: ../SAL___Multi_modal_Verification_of_Replicated_Data_Types/ewflag-counter
example.pdf Graphic file (type pdf)
<use ../SAL___Multi_modal_Verification_of_Replicated_Data_Types/ewflag-countere
xample.pdf>
Package pdftex.def Info: ../SAL___Multi_modal_Verification_of_Replicated_Data_T
ypes/ewflag-counterexample.pdf  used on input line 324.
(pdftex.def)             Requested size: 205.37926pt x 177.03023pt.

Overfull \hbox (102.214pt too wide) has occurred while \output is active
 [][]  \T1/phv/m/n/6 ([])  
 []

[32

 <../SAL___Multi_modal_Verification_of_Replicated_Data_Types/ewflag-counterexam
ple.pdf>]
Overfull \hbox (102.214pt too wide) in paragraph at lines 329--329
 [][]  \T1/phv/m/n/6 ([])  
 []

\openout4 = `presentation.vrb'.


Overfull \hbox (102.214pt too wide) in paragraph at lines 348--348
 [][]  \T1/phv/m/n/6 ([])  
 []

(./presentation.vrb)
Overfull \hbox (102.214pt too wide) has occurred while \output is active
 [][]  \T1/phv/m/n/6 ([])  
 []

[33

] (./presentation.vrb)
Overfull \hbox (102.214pt too wide) has occurred while \output is active
 [][]  \T1/phv/m/n/6 ([])  
 []

[34

] (./presentation.vrb)
Overfull \hbox (102.214pt too wide) has occurred while \output is active
 [][]  \T1/phv/m/n/6 ([])  
 []

[35

] (./presentation.vrb)
Overfull \hbox (102.214pt too wide) has occurred while \output is active
 [][]  \T1/phv/m/n/6 ([])  
 []

[36

] (./presentation.vrb)
Overfull \hbox (102.214pt too wide) has occurred while \output is active
 [][]  \T1/phv/m/n/6 ([])  
 []

[37

]
Overfull \hbox (102.214pt too wide) in paragraph at lines 351--351
 [][]  \T1/phv/m/n/6 ([])  
 []

\openout4 = `presentation.vrb'.


Overfull \hbox (102.214pt too wide) in paragraph at lines 368--368
 [][]  \T1/phv/m/n/6 ([])  
 []

(./presentation.vrb
<Pictures/precond_decidable.png, id=1426, 790.955pt x 363.3575pt>
File: Pictures/precond_decidable.png Graphic file (type png)
<use Pictures/precond_decidable.png>
Package pdftex.def Info: Pictures/precond_decidable.png  used on input line 8.
(pdftex.def)             Requested size: 171.14764pt x 78.62486pt.
<Pictures/postcond_decidable.png, id=1427, 811.03pt x 167.62625pt>
File: Pictures/postcond_decidable.png Graphic file (type png)
<use Pictures/postcond_decidable.png>
Package pdftex.def Info: Pictures/postcond_decidable.png  used on input line 15
.
(pdftex.def)             Requested size: 171.14764pt x 35.37135pt.
)
Overfull \hbox (102.214pt too wide) has occurred while \output is active
 [][]  \T1/phv/m/n/6 ([])  
 []

[38

 <./Pictures/precond_decidable.png> <./Pictures/postcond_decidable.png>]
(./presentation.vrb
File: Pictures/precond_decidable.png Graphic file (type png)
<use Pictures/precond_decidable.png>
Package pdftex.def Info: Pictures/precond_decidable.png  used on input line 8.
(pdftex.def)             Requested size: 171.14764pt x 78.62486pt.
File: Pictures/postcond_decidable.png Graphic file (type png)
<use Pictures/postcond_decidable.png>
Package pdftex.def Info: Pictures/postcond_decidable.png  used on input line 15
.
(pdftex.def)             Requested size: 171.14764pt x 35.37135pt.
)
Overfull \hbox (102.214pt too wide) has occurred while \output is active
 [][]  \T1/phv/m/n/6 ([])  
 []

[39

]
Overfull \hbox (102.214pt too wide) in paragraph at lines 371--371
 [][]  \T1/phv/m/n/6 ([])  
 []

\openout4 = `presentation.vrb'.


Overfull \hbox (102.214pt too wide) in paragraph at lines 382--382
 [][]  \T1/phv/m/n/6 ([])  
 []

(./presentation.vrb
<Pictures/running_plausible.png, id=1483, 1324.95pt x 807.015pt>
File: Pictures/running_plausible.png Graphic file (type png)
<use Pictures/running_plausible.png>
Package pdftex.def Info: Pictures/running_plausible.png  used on input line 11.

(pdftex.def)             Requested size: 290.9531pt x 177.21136pt.
)
Overfull \hbox (102.214pt too wide) has occurred while \output is active
 [][]  \T1/phv/m/n/6 ([])  
 []

[40

 <./Pictures/running_plausible.png>]
Overfull \hbox (102.214pt too wide) in paragraph at lines 403--403
 [][]  \T1/phv/m/n/6 ([])  
 []


Overfull \hbox (102.214pt too wide) has occurred while \output is active
 [][]  \T1/phv/m/n/6 ([])  
 []

[41

]
Overfull \hbox (102.214pt too wide) has occurred while \output is active
 [][]  \T1/phv/m/n/6 ([])  
 []

[42

]
Overfull \hbox (102.214pt too wide) has occurred while \output is active
 [][]  \T1/phv/m/n/6 ([])  
 []

[43

]
Overfull \hbox (102.214pt too wide) has occurred while \output is active
 [][]  \T1/phv/m/n/6 ([])  
 []

[44

]
Overfull \hbox (102.214pt too wide) in paragraph at lines 417--417
 [][]  \T1/phv/m/n/6 ([])  
 []

<../SAL___Multi_modal_Verification_of_Replicated_Data_Types/EN_wins_flag_LHS.pn
g, id=1657, 507.8975pt x 867.24pt>
File: ../SAL___Multi_modal_Verification_of_Replicated_Data_Types/EN_wins_flag_L
HS.png Graphic file (type png)
<use ../SAL___Multi_modal_Verification_of_Replicated_Data_Types/EN_wins_flag_LH
S.png>
Package pdftex.def Info: ../SAL___Multi_modal_Verification_of_Replicated_Data_T
ypes/EN_wins_flag_LHS.png  used on input line 417.
(pdftex.def)             Requested size: 102.68962pt x 175.33725pt.
<../SAL___Multi_modal_Verification_of_Replicated_Data_Types/EN_wins_flag_RHS.pn
g, id=1658, 431.6125pt x 838.13126pt>
File: ../SAL___Multi_modal_Verification_of_Replicated_Data_Types/EN_wins_flag_R
HS.png Graphic file (type png)
<use ../SAL___Multi_modal_Verification_of_Replicated_Data_Types/EN_wins_flag_RH
S.png>
Package pdftex.def Info: ../SAL___Multi_modal_Verification_of_Replicated_Data_T
ypes/EN_wins_flag_RHS.png  used on input line 417.
(pdftex.def)             Requested size: 102.68962pt x 199.40353pt.

Overfull \hbox (102.214pt too wide) has occurred while \output is active
 [][]  \T1/phv/m/n/6 ([])  
 []

[45

 <../SAL___Multi_modal_Verification_of_Replicated_Data_Types/EN_wins_flag_LHS.p
ng> <../SAL___Multi_modal_Verification_of_Replicated_Data_Types/EN_wins_flag_RH
S.png>]
Overfull \hbox (102.214pt too wide) in paragraph at lines 437--437
 [][]  \T1/phv/m/n/6 ([])  
 []


Overfull \hbox (102.214pt too wide) has occurred while \output is active
 [][]  \T1/phv/m/n/6 ([])  
 []

[46

]
Overfull \hbox (102.214pt too wide) has occurred while \output is active
 [][]  \T1/phv/m/n/6 ([])  
 []

[47

]
Overfull \hbox (102.214pt too wide) has occurred while \output is active
 [][]  \T1/phv/m/n/6 ([])  
 []

[48

]
Overfull \hbox (102.214pt too wide) has occurred while \output is active
 [][]  \T1/phv/m/n/6 ([])  
 []

[49

]
Overfull \hbox (102.214pt too wide) in paragraph at lines 447--447
 [][]  \T1/phv/m/n/6 ([])  
 []

<Pictures/kc_commits.png, id=1836, 1740.5025pt x 657.45625pt>
File: Pictures/kc_commits.png Graphic file (type png)
<use Pictures/kc_commits.png>
Package pdftex.def Info: Pictures/kc_commits.png  used on input line 447.
(pdftex.def)             Requested size: 342.2953pt x 129.29192pt.

Overfull \hbox (102.214pt too wide) has occurred while \output is active
 [][]  \T1/phv/m/n/6 ([])  
 []

[50

 <./Pictures/kc_commits.png>]
Overfull \hbox (102.214pt too wide) in paragraph at lines 456--456
 [][]  \T1/phv/m/n/6 ([])  
 []

<Pictures/npm_visualization.png, id=1864, 1210.5225pt x 829.0975pt>
File: Pictures/npm_visualization.png Graphic file (type png)
<use Pictures/npm_visualization.png>
Package pdftex.def Info: Pictures/npm_visualization.png  used on input line 456
.
(pdftex.def)             Requested size: 308.06367pt x 210.99326pt.

Overfull \vbox (7.19211pt too high) detected at line 456
 []


Overfull \hbox (102.214pt too wide) has occurred while \output is active
 [][]  \T1/phv/m/n/6 ([])  
 []

[51

 <./Pictures/npm_visualization.png>]
Overfull \hbox (102.214pt too wide) in paragraph at lines 466--466
 [][]  \T1/phv/m/n/6 ([])  
 []

<Pictures/verified_status.png, id=1892, 1128.215pt x 537.00626pt>
File: Pictures/verified_status.png Graphic file (type png)
<use Pictures/verified_status.png>
Package pdftex.def Info: Pictures/verified_status.png  used on input line 466.
(pdftex.def)             Requested size: 342.2953pt x 162.9222pt.

Overfull \hbox (102.214pt too wide) has occurred while \output is active
 [][]  \T1/phv/m/n/6 ([])  
 []

[52

 <./Pictures/verified_status.png>]
Overfull \hbox (102.214pt too wide) in paragraph at lines 507--507
 [][]  \T1/phv/m/n/6 ([])  
 []

LaTeX Font Info:    Font shape `T1/phv/m/it' in size <9> not available
(Font)              Font shape `T1/phv/m/sl' tried instead on input line 507.

Overfull \hbox (102.214pt too wide) has occurred while \output is active
 [][]  \T1/phv/m/n/6 ([])  
 []

[53

]
Overfull \hbox (102.214pt too wide) in paragraph at lines 517--517
 [][]  \T1/phv/m/n/6 ([])  
 []


Overfull \hbox (102.214pt too wide) has occurred while \output is active
 [][]  \T1/phv/m/n/6 ([])  
 []

[54

]
\tf@nav=\write6
\openout6 = `presentation.nav'.

\tf@toc=\write7
\openout7 = `presentation.toc'.

\tf@snm=\write8
\openout8 = `presentation.snm'.

 (./presentation.aux)
 ***********
LaTeX2e <2023-11-01> patch level 1
L3 programming layer <2024-01-22>
 ***********


LaTeX Warning: Label(s) may have changed. Rerun to get cross-references right.

Package rerunfilecheck Info: File `presentation.out' has not changed.
(rerunfilecheck)             Checksum: E1870F5366BAAF40D01B4BA3AE940958;1385.
 ) 
Here is how much of TeX's memory you used:
 29226 strings out of 476106
 561035 string characters out of 5793933
 2183975 words of memory out of 5000000
 50523 multiletter control sequences out of 15000+600000
 645668 words of font info for 128 fonts, out of 8000000 for 9000
 59 hyphenation exceptions out of 8191
 101i,15n,107p,464b,1824s stack positions out of 10000i,1000n,20000p,200000b,200000s
</usr/share/texlive/texmf-dist/fonts/type1/public/amsfonts/cm/cmmi10.pfb></us
r/share/texlive/texmf-dist/fonts/type1/public/amsfonts/cm/cmss10.pfb></usr/shar
e/texlive/texmf-dist/fonts/type1/public/amsfonts/cm/cmsy10.pfb></usr/share/texl
ive/texmf-dist/fonts/type1/public/amsfonts/symbols/msbm10.pfb></usr/share/texli
ve/texmf-dist/fonts/type1/urw/courier/ucrr8a.pfb></usr/share/texlive/texmf-dist
/fonts/type1/urw/helvetic/uhvb8a.pfb></usr/share/texlive/texmf-dist/fonts/type1
/urw/helvetic/uhvr8a.pfb></usr/share/texlive/texmf-dist/fonts/type1/urw/helveti
c/uhvro8a.pfb>
Output written on presentation.pdf (54 pages, 1312455 bytes).
PDF statistics:
 2040 PDF objects out of 2073 (max. 8388607)
 1652 compressed objects within 17 object streams
 117 named destinations out of 1000 (max. 500000)
 1517 words of extra memory for PDF output out of 10000 (max. 10000000)

